// Jest Snapshot v1, https://goo.gl/fbAQLP

exports[`VersionWarning version could not be determined shows an error message 1`] = `
<WarningMessage
  content="This could mean that the backend is currently offline"
  header="Could not determine backend version"
  icon="plug"
  warning={true}
/>
`;

exports[`VersionWarning version does not satisfy requirement matches the snapshot 1`] = `
<WarningMessage
  content={
    <p>
      Expected version 
      <code>
        v0.0.0-65
      </code>
       to satisfy requirement 
      <code>
        &gt; v0.0.0-65
      </code>
      . Be aware that this may cause problems.
    </p>
  }
  header="The connected backend does not meet the version requirement"
/>
`;

exports[`WarningMessage matches the snapshot 1`] = `
<Styled(Message)
  content="Message content"
  header="Message header"
  icon="warning sign"
  negative={true}
  warning={undefined}
/>
`;
