// Jest Snapshot v1, https://goo.gl/fbAQLP

exports[`withHeader matches the snapshot 1`] = `
<div>
  <h1 />
  <p />
</div>
`;
