// Jest Snapshot v1, https://goo.gl/fbAQLP

exports[`Header matches the snapshot 1`] = `
.c0 {
  padding-bottom: 1em;
}

<div
  class="ui container c0"
>
  <h2
    class="ui inverted header"
  >
    <a
      href="/ada"
    >
      ada
    </a>
     / testRepo
    <div
      class="sub header"
    >
      This is a test repository
    </div>
  </h2>
</div>
`;
