// Jest Snapshot v1, https://goo.gl/fbAQLP

exports[`ImageViewer matches the snapshot 1`] = `
<img
  alt="test.png"
  src="data:image/png;base64,iVBORw0KGgoAAAANSUhEUgAAAAEAAAABCAYAAAAfFcSJAAAADUlEQVR42mP8z8DwHwAFBQIAX8jx0gAAAABJRU5ErkJggg=="
  style="padding:1em;max-width:100%"
>
  
</img>
`;
